# information on the service
info:
  app:
    msx:
      # defaults to this services version, can be overridden in consul via installer
      version: ${info.app.version}
      show-build-info: true
    name: "testservice"
    description: "Service generated by lanai-cli"
    version: ${application.build.version}
    build-time: ${application.build.build-time}
    attributes:
      displayName: "testservice"
      parent: unknown
      type: unknown

redis:
  addrs: ${spring.redis.host:localhost}:6379
  db: 0

tracing:
  enabled: true
  jaeger:
    host: localhost
    port: 6831
  sampler:
    enabled: true
    limit-per-second: 50

server:
  logging:
    default-level: "info"

management:
  enabled: true
  endpoint:
    health:
      show-components: custom # authorized | always | never | custom
      show-details: custom # authorized | always | never | custom
  security:
    enabled-by-default: true

security:
  keys:
    jwt:
      id: dev
      format: pem
      file: "configs/jwtpubkey.pem"
      password: TheCakeIsaLie
  jwt:
    key-name: "jwt"
  session:
    idle-timeout: "${security.auth.session-timeout.idle-timeout-seconds:9000}s"
    absolute-timeout: "${security.auth.session-timeout.absolute-timeout-seconds:18000}s"
  timeout-support:
    db-index: 8 # this should have the same value as security.session.db-index on auth service
  opa:
    server:
      url: "http://localhost:8911/policy"
      polling-min-delay: 5m
      polling-max-delay: 1h
      long-polling-timeout: 30s
    bundles:
      testservice:
        name: testservice
        # url: "/bundles/testservice"
    logging:
      decision-logs-enabled: true

swagger:
  spec: configs/api-docs-v3.yml
  security:
    sso:
      base-url: ${swagger.security.sso.baseurl:http://localhost:8900/auth}
      client-id: nfv-client

